// Jest Snapshot v1, https://goo.gl/fbAQLP

exports[`<Plan /> 1`] = `
<div
  className="css-m5hsxh"
>
  <div
    className="css-lbicpo"
  >
    <div
      className="css-k008qs"
    >
      <a
        href="/"
        onClick={[Function]}
      >
        <svg
          className="css-1tqsd30"
          fill="currentColor"
          height="1em"
          stroke="currentColor"
          strokeWidth="0"
          style={
            Object {
              "color": undefined,
            }
          }
          type="button"
          viewBox="0 0 1024 1024"
          width="1em"
          xmlns="http://www.w3.org/2000/svg"
        >
          <path
            d="M946.5 505L534.6 93.4a31.93 31.93 0 0 0-45.2 0L77.5 505c-12 12-18.8 28.3-18.8 45.3 0 35.3 28.7 64 64 64h43.4V908c0 17.7 14.3 32 32 32H448V716h112v224h265.9c17.7 0 32-14.3 32-32V614.3h43.4c17 0 33.3-6.7 45.3-18.8 24.9-25 24.9-65.5-.1-90.5z"
          />
        </svg>
      </a>
    </div>
    <div
      className="css-1ofqig9"
    >
      <p
        className="css-1g1e9sz"
      >
        Courses
      </p>
      <div
        className="css-9jn3o8"
      >
        <div
          className="css-1brfyz3"
        >
          <div
            className="css-1lads1q"
          >
            <div
              className="css-aetr73"
            >
              <div
                className="css-k6882c"
              >
                <svg
                  className="css-1xb1rov"
                  focusable={false}
                  role="presentation"
                  viewBox="0 0 24 24"
                >
                  <path
                    d="M23.384,21.619,16.855,15.09a9.284,9.284,0,1,0-1.768,1.768l6.529,6.529a1.266,1.266,0,0,0,1.768,0A1.251,1.251,0,0,0,23.384,21.619ZM2.75,9.5a6.75,6.75,0,1,1,6.75,6.75A6.758,6.758,0,0,1,2.75,9.5Z"
                    fill="currentColor"
                  />
                </svg>
              </div>
              <input
                className="css-n5gi9c"
                onChange={[Function]}
                placeholder="Search by Course Code, Name, Semester or Points"
                type="search"
                value=""
              />
            </div>
          </div>
        </div>
      </div>
      <div
        className="css-gmuwbf"
      >
        <div
          className="css-oe0uxb"
        />
      </div>
    </div>
  </div>
  <div
    className="css-tq7xf1"
  >
    <div
      className="css-1sqeryc"
    >
      <div
        className="css-j7qwjs"
      >
        <div
          className="css-gmuwbf"
        >
          <p
            className="css-1gwygh1"
          >
            Program
          </p>
        </div>
        <div
          className="css-5l6ak"
        >
          <p
            className="css-erfz49"
          />
        </div>
      </div>
      <p
        className="css-137ozra"
      >
        Default Plan
      </p>
    </div>
    <hr
      aria-orientation="horizontal"
      className="css-1gi9ej6"
    />
    <div
      className="css-1apjpfw"
    >
      <div
        className="css-ldo4d5"
      >
        <button
          aria-disabled={true}
          className="css-1bdzbzo"
          disabled={true}
          onClick={[Function]}
          type="button"
        >
          <p
            className="css-13w9t4w"
          >
            Remove Previous Year
          </p>
        </button>
        <button
          className="css-1bdzbzo"
          onClick={[Function]}
          type="button"
        >
          <p
            className="css-13w9t4w"
          >
            Add Previous Year
          </p>
        </button>
      </div>
      <div
        className="css-ldo4d5"
      >
        <button
          aria-disabled={true}
          className="css-1bdzbzo"
          disabled={true}
          onClick={[Function]}
          type="button"
        >
          <p
            className="css-13w9t4w"
          >
            Remove Year
          </p>
        </button>
        <button
          className="css-1bdzbzo"
          onClick={[Function]}
          type="button"
        >
          <p
            className="css-13w9t4w"
          >
            Add Year
          </p>
        </button>
      </div>
    </div>
  </div>
</div>
`;
