// Jest Snapshot v1, https://goo.gl/fbAQLP

exports[`<Header /> 1`] = `
<div
  className="css-1f5pj3i"
>
  <div
    className="css-1hnpd1e"
  >
    <b
      className="css-2qtyv9"
    >
      HongShi
    </b>
    <div
      className="css-1krwpde"
    >
      <div
        className="css-j7qwjs"
      >
        <div
          className="css-12ki1bh"
        >
          <p
            className="css-erfz49"
          >
            Nisarag
          </p>
        </div>
      </div>
      <div
        className="css-okpiwk"
      >
        <p
          className="css-erfz49"
        >
          SOFTENG 701
        </p>
      </div>
    </div>
  </div>
  <div
    className="css-546wq"
  >
    <div
      className="css-1vp8jwk"
    >
      <div
        className="css-1wqs3cb"
      />
    </div>
    <p
      className="css-m1hr3h"
    >
       
      Last saved
       
      less than 5 seconds ago
      .
    </p>
  </div>
</div>
`;

exports[`<Plan /> 1`] = `
<div
  className="css-i8hwud"
>
  <div
    className="css-1gthsur"
  >
    <button
      className="css-1x57hs7"
      onClick={[Function]}
      type="button"
    >
      <svg
        aria-hidden={true}
        className="css-1im46kq"
        focusable="false"
        role="presentation"
        viewBox="0 0 24 24"
      >
        <path
          d="M20 11H7.83l5.59-5.59L12 4l-8 8 8 8 1.41-1.41L7.83 13H20v-2z"
          fill="currentColor"
        />
      </svg>
    </button>
    <div
      className="css-3vpdv2"
    >
      <div
        className="css-u4p24i"
      >
        <p
          className="css-1owbezk"
        >
          Regulations
        </p>
        <svg
          className="css-rw24u3"
          focusable={false}
          onBlur={[Function]}
          onClick={[Function]}
          onFocus={[Function]}
          onMouseEnter={[Function]}
          onMouseLeave={[Function]}
          role="presentation"
          viewBox="0 0 24 24"
        >
          <g
            stroke="currentColor"
            strokeWidth="1.5"
          >
            <path
              d="M9,9a3,3,0,1,1,4,2.829,1.5,1.5,0,0,0-1,1.415V14.25"
              fill="none"
              strokeLinecap="full"
            />
            <path
              d="M12,17.25a.375.375,0,1,0,.375.375A.375.375,0,0,0,12,17.25h0"
              fill="none"
              strokeLinecap="full"
            />
            <circle
              cx="12"
              cy="12"
              fill="none"
              r="11.25"
              strokeMiterlimit="10"
            />
          </g>
        </svg>
      </div>
      <div
        className="css-1x1v05p"
      >
        <div
          className="css-1mgms87"
        >
          <p
            className="css-7rubkk"
          >
            No Regulations have been set for this Programme yet.
          </p>
        </div>
      </div>
    </div>
    <div
      className="css-4tpqq4"
    >
      <div
        className="css-u4p24i"
      >
        <p
          className="css-1owbezk"
        >
          Courses
        </p>
      </div>
      <div
        className="css-9jn3o8"
      >
        <div
          className="css-1brfyz3"
        >
          <div
            className="css-1lads1q"
          >
            <div
              className="css-aetr73"
            >
              <div
                className="css-k6882c"
              >
                <svg
                  className="css-1xb1rov"
                  focusable={false}
                  role="presentation"
                  viewBox="0 0 24 24"
                >
                  <path
                    d="M23.384,21.619,16.855,15.09a9.284,9.284,0,1,0-1.768,1.768l6.529,6.529a1.266,1.266,0,0,0,1.768,0A1.251,1.251,0,0,0,23.384,21.619ZM2.75,9.5a6.75,6.75,0,1,1,6.75,6.75A6.758,6.758,0,0,1,2.75,9.5Z"
                    fill="currentColor"
                  />
                </svg>
              </div>
              <input
                className="css-n5gi9c"
                onChange={[Function]}
                placeholder="Search by Course Code, Name, Semester or Points"
                type="search"
                value=""
              />
            </div>
          </div>
        </div>
      </div>
      <div
        className="css-1e6ma0l"
      >
        <div
          className="css-1xugch4"
        >
          <div
            className="css-j6isw0"
            style={
              Object {
                "opacity": 1,
              }
            }
          >
            <div
              className="css-1lnyvqv"
            >
              <b
                className="css-4za8c9"
              >
                Placeholder
              </b>
            </div>
          </div>
        </div>
      </div>
    </div>
  </div>
  <div
    className="css-tq7xf1"
  >
    <div
      className="css-1f5pj3i"
    >
      <div
        className="css-546wq"
      >
        <div
          className="css-1vp8jwk"
        >
          <div
            className="css-1wqs3cb"
          />
          <div
            className="css-k008qs"
          >
            <div
              className="css-k008qs"
            >
              <button
                aria-controls="menu-2"
                aria-expanded={false}
                aria-haspopup="menu"
                className="css-992tcj"
                id="menubutton-3"
                onClick={[Function]}
                onKeyDown={[Function]}
                role="button"
              >
                <svg
                  className="css-11orafl"
                  fill="currentColor"
                  height="1em"
                  stroke="currentColor"
                  strokeWidth="0"
                  style={
                    Object {
                      "color": undefined,
                    }
                  }
                  type="button"
                  viewBox="0 0 24 24"
                  width="1em"
                  xmlns="http://www.w3.org/2000/svg"
                >
                  <path
                    d="M12 10c-1.1 0-2 .9-2 2s.9 2 2 2 2-.9 2-2S13.1 10 12 10zM18 10c-1.1 0-2 .9-2 2s.9 2 2 2 2-.9 2-2S19.1 10 18 10zM6 10c-1.1 0-2 .9-2 2s.9 2 2 2 2-.9 2-2S7.1 10 6 10z"
                  />
                </svg>
              </button>
            </div>
          </div>
        </div>
        <p
          className="css-m1hr3h"
        >
           
          Last saved
           
          less than 5 seconds ago
          .
        </p>
      </div>
      <div
        className="css-1hnpd1e"
      >
        <b
          className="css-2qtyv9"
        >
          Default Plan Template
        </b>
        <div
          className="css-okpiwk"
        >
          <p
            className="css-erfz49"
          />
        </div>
      </div>
    </div>
    <div
      className="css-1sdqtdv"
    >
      <div
        className="css-1idh37p"
      >
        <button
          aria-disabled={true}
          className="css-1wf4v31"
          disabled={true}
          onClick={[Function]}
          type="button"
        >
          <svg
            aria-hidden={true}
            className="css-1im46kq"
            focusable="false"
            role="presentation"
            viewBox="0 0 24 24"
          >
            <g
              fill="currentColor"
            >
              <rect
                height="4"
                width="20"
                x="2"
                y="10"
              />
            </g>
          </svg>
        </button>
        <button
          className="css-1wf4v31"
          onClick={[Function]}
          type="button"
        >
          <svg
            aria-hidden={true}
            className="css-1im46kq"
            focusable="false"
            role="presentation"
            viewBox="0 0 24 24"
          >
            <path
              d="M0,12a1.5,1.5,0,0,0,1.5,1.5h8.75a.25.25,0,0,1,.25.25V22.5a1.5,1.5,0,0,0,3,0V13.75a.25.25,0,0,1,.25-.25H22.5a1.5,1.5,0,0,0,0-3H13.75a.25.25,0,0,1-.25-.25V1.5a1.5,1.5,0,0,0-3,0v8.75a.25.25,0,0,1-.25.25H1.5A1.5,1.5,0,0,0,0,12Z"
              fill="currentColor"
            />
          </svg>
        </button>
      </div>
      <div
        className="css-1mi3tt8"
      />
      <div
        className="css-c2exoy"
      >
        <button
          aria-disabled={true}
          className="css-1wf4v31"
          disabled={true}
          onClick={[Function]}
          type="button"
        >
          <svg
            aria-hidden={true}
            className="css-1im46kq"
            focusable="false"
            role="presentation"
            viewBox="0 0 24 24"
          >
            <g
              fill="currentColor"
            >
              <rect
                height="4"
                width="20"
                x="2"
                y="10"
              />
            </g>
          </svg>
        </button>
        <button
          className="css-1wf4v31"
          onClick={[Function]}
          type="button"
        >
          <svg
            aria-hidden={true}
            className="css-1im46kq"
            focusable="false"
            role="presentation"
            viewBox="0 0 24 24"
          >
            <path
              d="M0,12a1.5,1.5,0,0,0,1.5,1.5h8.75a.25.25,0,0,1,.25.25V22.5a1.5,1.5,0,0,0,3,0V13.75a.25.25,0,0,1,.25-.25H22.5a1.5,1.5,0,0,0,0-3H13.75a.25.25,0,0,1-.25-.25V1.5a1.5,1.5,0,0,0-3,0v8.75a.25.25,0,0,1-.25.25H1.5A1.5,1.5,0,0,0,0,12Z"
              fill="currentColor"
            />
          </svg>
        </button>
      </div>
    </div>
  </div>
</div>
`;
