// Jest Snapshot v1, https://goo.gl/fbAQLP

exports[`Creating new programmes sub-page  1`] = `
<div
  className="css-1ofqig9"
>
  <div
    className="css-gmuwbf"
  >
    <p
      className="css-19i5rf8"
    >
      Create Programme Requirements
    </p>
  </div>
  <div
    className="css-1yfye7s"
  >
    <i
      className="css-1dbqq24"
    >
      Programme Name
    </i>
  </div>
  <div
    className="css-1yfye7s"
  >
    <input
      className="css-frh740"
      onChange={[Function]}
      placeholder="Enter Programme Name"
    />
  </div>
  <div
    className="css-1ailrle"
  >
    <i
      className="css-1dbqq24"
    >
      Requirements
    </i>
    <span
      className="css-1q0hmy3"
    />
  </div>
  <div
    className="css-16iwlaa"
  />
  <div
    className="css-ldo4d5"
  >
    <a
      href="/programmes/0/create-template"
      onClick={[Function]}
    >
      <button
        className="css-1ad5y8q"
        type="button"
      >
        <p
          className="css-181lpyk"
        >
          Define Template
        </p>
      </button>
    </a>
  </div>
  <div
    className="css-4xdld5"
  >
    <a
      href="/programmes/"
      onClick={[Function]}
    >
      <button
        className="css-1rnlx15"
        onClick={[Function]}
        type="button"
      >
        <p
          className="css-181lpyk"
        >
          Cancel
        </p>
      </button>
    </a>
    <a
      href="/programmes/"
      onClick={[Function]}
    >
      <button
        className="css-1rnlx15"
        onClick={[Function]}
        type="button"
      >
        <p
          className="css-181lpyk"
        >
          Save
        </p>
      </button>
    </a>
  </div>
</div>
`;

exports[`Empty programmes sub-page  1`] = `
<div
  className="css-7eifx2"
>
  <div
    className="css-gmuwbf"
  >
    <i
      className="css-1fwnx19"
    >
      Create or Select a Programme to view its information here.
    </i>
  </div>
</div>
`;

exports[`Existing programmes sub-page  1`] = `
<div
  className="css-1ofqig9"
>
  <div
    className="css-1hyoz7m"
  >
    <p
      className="css-19i5rf8"
    >
      Programme Requirements
    </p>
    <div
      className="css-qzt8sy"
    >
      <div
        className="css-k008qs"
      >
        <button
          aria-controls="menu-5"
          aria-expanded={false}
          aria-haspopup="menu"
          className="css-992tcj"
          id="menubutton-6"
          onClick={[Function]}
          onKeyDown={[Function]}
          role="button"
        >
          <svg
            className="css-zgxhu3"
            fill="currentColor"
            height="1em"
            stroke="currentColor"
            strokeWidth="0"
            style={
              Object {
                "color": undefined,
              }
            }
            type="button"
            viewBox="0 0 24 24"
            width="1em"
            xmlns="http://www.w3.org/2000/svg"
          >
            <path
              d="M12 10c-1.1 0-2 .9-2 2s.9 2 2 2 2-.9 2-2S13.1 10 12 10zM18 10c-1.1 0-2 .9-2 2s.9 2 2 2 2-.9 2-2S19.1 10 18 10zM6 10c-1.1 0-2 .9-2 2s.9 2 2 2 2-.9 2-2S7.1 10 6 10z"
            />
          </svg>
        </button>
      </div>
    </div>
  </div>
  <div
    className="css-1yfye7s"
  >
    <i
      className="css-1dbqq24"
    >
      Programme Name
    </i>
  </div>
  <div
    className="css-1yfye7s"
  >
    <b
      className="css-1t9wziz"
    >
      SOFTENG761
    </b>
  </div>
  <div
    className="css-u6v8er"
  >
    <i
      className="css-1dbqq24"
    >
      Requirements
    </i>
    <div
      className="css-c0ak17"
    >
      <button
        className="css-1eie9zm"
        onClick={[Function]}
        type="button"
      >
        <svg
          aria-hidden={true}
          className="css-1im46kq"
          focusable="false"
          role="presentation"
          viewBox="0 0 24 24"
        >
          <path
            d="M0,12a1.5,1.5,0,0,0,1.5,1.5h8.75a.25.25,0,0,1,.25.25V22.5a1.5,1.5,0,0,0,3,0V13.75a.25.25,0,0,1,.25-.25H22.5a1.5,1.5,0,0,0,0-3H13.75a.25.25,0,0,1-.25-.25V1.5a1.5,1.5,0,0,0-3,0v8.75a.25.25,0,0,1-.25.25H1.5A1.5,1.5,0,0,0,0,12Z"
            fill="currentColor"
          />
        </svg>
      </button>
      <div
        className="css-12wbpgd"
      >
        <div
          className="css-1dq1cye"
          onClick={[Function]}
        >
          <div
            className="css-gmuwbf"
          >
            <p
              className="css-7rc2le"
            >
              1.
            </p>
            <p
              className="css-12kv7x2"
            >
              At least
            </p>
            <p
              className="css-12kv7x2"
            >
              15 pts
            </p>
            <p
              className="css-vwuyue"
            >
              FROM
            </p>
            <div
              className="programmeRequirements css-1aqk8yn"
            />
            <button
              className="css-1h1blff"
              onClick={[Function]}
              type="button"
            >
              <svg
                className="css-1im46kq"
                focusable={false}
                role="presentation"
                viewBox="0 0 16 16"
              >
                <path
                  d="M9.41 8l2.29-2.29c.19-.18.3-.43.3-.71a1.003 1.003 0 0 0-1.71-.71L8 6.59l-2.29-2.3a1.003 1.003 0 0 0-1.42 1.42L6.59 8 4.3 10.29c-.19.18-.3.43-.3.71a1.003 1.003 0 0 0 1.71.71L8 9.41l2.29 2.29c.18.19.43.3.71.3a1.003 1.003 0 0 0 .71-1.71L9.41 8z"
                  fill="currentColor"
                  fillRule="evenodd"
                />
              </svg>
            </button>
          </div>
        </div>
      </div>
    </div>
  </div>
  <div
    className="css-ldo4d5"
  >
    <a
      href="/programmes/undefined/create-template"
      onClick={[Function]}
    >
      <button
        className="css-1ad5y8q"
        type="button"
      >
        <p
          className="css-181lpyk"
        >
          Define Template
        </p>
      </button>
    </a>
  </div>
  
</div>
`;

exports[`Main Programmes Page 1`] = `
<div
  className="css-qxc4md"
>
  <div
    className="css-r7xox5"
  >
    <div
      className="css-1u9fuhx"
    >
      <button
        aria-controls="menu-1"
        aria-expanded={false}
        aria-haspopup="menu"
        className="css-wk9st5"
        id="menubutton-2"
        onClick={[Function]}
        onKeyDown={[Function]}
        role="button"
        type="button"
      >
        <svg
          aria-hidden={true}
          className="css-thzv76"
          fill="currentColor"
          focusable="false"
          height="1em"
          stroke="currentColor"
          strokeWidth="0"
          style={
            Object {
              "color": undefined,
            }
          }
          viewBox="0 0 512 512"
          width="1em"
          xmlns="http://www.w3.org/2000/svg"
        >
          <path
            d="M32 96v64h448V96H32zm0 128v64h448v-64H32zm0 128v64h448v-64H32z"
          />
        </svg>
      </button>
    </div>
    <div
      className="css-9jtr4b"
    >
      <p
        className="css-wqr37p"
      >
        Programmes
      </p>
    </div>
    <div
      className="css-9jn3o8"
    >
      <div
        className="css-yh0f2e"
      >
        <div
          className="css-1lads1q"
        >
          <div
            className="css-3lf2mu"
          >
            <div
              className="css-k6882c"
            >
              <svg
                className="css-1xb1rov"
                focusable={false}
                role="presentation"
                viewBox="0 0 24 24"
              >
                <path
                  d="M23.384,21.619,16.855,15.09a9.284,9.284,0,1,0-1.768,1.768l6.529,6.529a1.266,1.266,0,0,0,1.768,0A1.251,1.251,0,0,0,23.384,21.619ZM2.75,9.5a6.75,6.75,0,1,1,6.75,6.75A6.758,6.758,0,0,1,2.75,9.5Z"
                  fill="currentColor"
                />
              </svg>
            </div>
            <input
              className="css-n5gi9c"
              onChange={[Function]}
              placeholder="Search Programmes"
              type="search"
              value=""
            />
          </div>
        </div>
      </div>
    </div>
    <div
      className="css-1nox3ec"
    >
      <div
        className="css-1d3az10"
      >
        <a
          href="/programmes/new"
          onClick={[Function]}
          style={
            Object {
              "textDecoration": "none",
            }
          }
        >
          <button
            className="css-8nc45l"
            type="button"
          >
            <p
              className="css-1li4w8y"
            >
              <svg
                className="css-1xb1rov"
                focusable={false}
                role="presentation"
                viewBox="0 0 24 24"
              >
                <path
                  d="M0,12a1.5,1.5,0,0,0,1.5,1.5h8.75a.25.25,0,0,1,.25.25V22.5a1.5,1.5,0,0,0,3,0V13.75a.25.25,0,0,1,.25-.25H22.5a1.5,1.5,0,0,0,0-3H13.75a.25.25,0,0,1-.25-.25V1.5a1.5,1.5,0,0,0-3,0v8.75a.25.25,0,0,1-.25.25H1.5A1.5,1.5,0,0,0,0,12Z"
                  fill="currentColor"
                />
              </svg>
            </p>
          </button>
        </a>
      </div>
    </div>
  </div>
  <div
    className="css-6hu3eg"
  >
    <div
      className="css-trwzgo"
    >
      <div
        className="css-7eifx2"
      >
        <div
          className="css-gmuwbf"
        >
          <i
            className="css-1fwnx19"
          >
            Create or Select a Programme to view its information here.
          </i>
        </div>
      </div>
    </div>
  </div>
</div>
`;
