// Jest Snapshot v1, https://goo.gl/fbAQLP

exports[`<Courses /> 1`] = `
<div
  className="css-c70k8d"
>
  <div
    className="css-il7sii"
  >
    <div
      className="css-1u9fuhx"
    >
      <button
        aria-controls="menu-1"
        aria-expanded={false}
        aria-haspopup="menu"
        className="css-1qn6x93"
        id="menubutton-2"
        onClick={[Function]}
        onKeyDown={[Function]}
        role="button"
        type="button"
      >
        <svg
          aria-hidden={true}
          className="css-thzv76"
          fill="currentColor"
          focusable="false"
          height="1em"
          stroke="currentColor"
          strokeWidth="0"
          style={
            Object {
              "color": undefined,
            }
          }
          viewBox="0 0 512 512"
          width="1em"
          xmlns="http://www.w3.org/2000/svg"
        >
          <path
            d="M32 96v64h448V96H32zm0 128v64h448v-64H32zm0 128v64h448v-64H32z"
          />
        </svg>
      </button>
    </div>
    <div
      className="css-gmuwbf"
    >
      <h2
        className="css-1n3wmrq"
      >
        Courses
      </h2>
    </div>
    <div
      className="css-1kh8xrj"
    >
      <button
        className="css-y6x91b"
        onClick={[Function]}
        type="button"
      >
        + Create
      </button>
      <button
        className="css-whzvt6"
        onClick={[Function]}
        type="button"
      >
        + Populate From Uni API
      </button>
    </div>
    <div
      className="css-9jn3o8"
    >
      <div
        className="css-1brfyz3"
      >
        <div
          className="css-1lads1q"
        >
          <div
            className="css-aetr73"
          >
            <div
              className="css-k6882c"
            >
              <svg
                className="css-1xb1rov"
                focusable={false}
                role="presentation"
                viewBox="0 0 24 24"
              >
                <path
                  d="M23.384,21.619,16.855,15.09a9.284,9.284,0,1,0-1.768,1.768l6.529,6.529a1.266,1.266,0,0,0,1.768,0A1.251,1.251,0,0,0,23.384,21.619ZM2.75,9.5a6.75,6.75,0,1,1,6.75,6.75A6.758,6.758,0,0,1,2.75,9.5Z"
                  fill="currentColor"
                />
              </svg>
            </div>
            <input
              className="css-n5gi9c"
              onChange={[Function]}
              placeholder="Search by Course Code, Name, Semester or Points"
              type="search"
              value=""
            />
          </div>
        </div>
      </div>
    </div>
    <div
      className="css-nc95w2"
    >
      <div
        className="table css-1bdzjts"
      >
        <table
          className="css-8atqhb"
          role="table"
        >
          <thead
            className="css-0"
          >
            <tr
              className="css-1f81fq5"
              role="row"
            >
              <th
                className="css-11dd6zr"
                colSpan={1}
                role="columnheader"
              >
                <p
                  className="css-7woomv"
                >
                  Course Code
                </p>
              </th>
              <th
                className="css-11dd6zr"
                colSpan={1}
                role="columnheader"
              >
                <p
                  className="css-7woomv"
                >
                  Course Name
                </p>
              </th>
              <th
                className="css-11dd6zr"
                colSpan={1}
                role="columnheader"
              >
                <p
                  className="css-7woomv"
                >
                  Semester
                </p>
              </th>
              <th
                className="css-11dd6zr"
                colSpan={1}
                role="columnheader"
              >
                <p
                  className="css-7woomv"
                >
                  Points
                </p>
              </th>
            </tr>
          </thead>
          <tbody
            className="css-0"
            role="rowgroup"
          >
            <div />
          </tbody>
        </table>
        <div
          className="css-ol8uv0"
        >
          <p
            className="css-1mg9g8m"
          >
            No data found
          </p>
        </div>
      </div>
    </div>
  </div>
  <div
    className="css-mzeyh"
  >
    <div
      className="css-1q8a4ef"
    >
      <div
        className="css-bdpb5i"
      >
        <div
          className="css-1bvc4cc"
        >
          <div
            className="css-k008qs"
          >
            <button
              aria-controls="menu-4"
              aria-expanded={false}
              aria-haspopup="menu"
              className="css-992tcj"
              id="menubutton-5"
              onClick={[Function]}
              onKeyDown={[Function]}
              role="button"
            >
              <svg
                className="css-11orafl"
                fill="currentColor"
                height="1em"
                stroke="currentColor"
                strokeWidth="0"
                style={
                  Object {
                    "color": undefined,
                  }
                }
                type="button"
                viewBox="0 0 24 24"
                width="1em"
                xmlns="http://www.w3.org/2000/svg"
              >
                <path
                  d="M12 10c-1.1 0-2 .9-2 2s.9 2 2 2 2-.9 2-2S13.1 10 12 10zM18 10c-1.1 0-2 .9-2 2s.9 2 2 2 2-.9 2-2S19.1 10 18 10zM6 10c-1.1 0-2 .9-2 2s.9 2 2 2 2-.9 2-2S7.1 10 6 10z"
                />
              </svg>
            </button>
          </div>
        </div>
        <div
          className="css-0"
        >
          <div
            className="css-16xxis1"
          >
            <p
              className="css-p81l6k"
            >
              
            </p>
          </div>
          <hr
            className="css-16wsuox"
          />
        </div>
        <div
          className="css-0"
        >
          <div
            className="css-0"
          >
            <p
              className="css-12gj9wb"
            >
              Name
            </p>
            <p
              className="css-1hontzn"
            >
              
            </p>
          </div>
          <hr
            className="css-16wsuox"
          />
        </div>
        <div
          className="css-0"
        >
          <div
            className="css-0"
          >
            <p
              className="css-12gj9wb"
            >
              Description
            </p>
            <p
              className="css-1hontzn"
            >
              
            </p>
          </div>
          <hr
            className="css-16wsuox"
          />
        </div>
        <div
          className="css-1md4put"
        >
          <div
            className="css-j7qwjs"
          >
            <p
              className="css-1jnltol"
            >
              Semester(s)
            </p>
            <div
              className="css-1l4w6pd"
            />
          </div>
          <div
            className="css-j7qwjs"
          >
            <p
              className="css-12gj9wb"
            >
              Points
            </p>
            <div
              className="css-1l4w6pd"
            >
              <div
                className="css-ws075s"
              >
                15
              </div>
            </div>
          </div>
        </div>
        <div
          className="css-15ruxe8"
        />
      </div>
      <div
        className="css-1hprwxc"
      >
        <div
          className="css-15pplr6"
        >
          <div
            className="css-1hxuavr"
          >
            <div
              className="css-1ofqig9"
            >
              <button
                className="css-19fczei"
                onBlur={[Function]}
                onClick={[Function]}
                onFocus={[Function]}
                onMouseEnter={[Function]}
                onMouseLeave={[Function]}
                type="button"
              >
                + Add 
                Prequisites
              </button>
            </div>
          </div>
          <div
            className="css-1hxuavr"
          >
            <div
              className="css-1ofqig9"
            >
              <button
                className="css-19fczei"
                onBlur={[Function]}
                onClick={[Function]}
                onFocus={[Function]}
                onMouseEnter={[Function]}
                onMouseLeave={[Function]}
                type="button"
              >
                + Add 
                Corequisites
              </button>
            </div>
          </div>
          <div
            className="css-1hxuavr"
          >
            <div
              className="css-1ofqig9"
            >
              <button
                className="css-19fczei"
                onBlur={[Function]}
                onClick={[Function]}
                onFocus={[Function]}
                onMouseEnter={[Function]}
                onMouseLeave={[Function]}
                type="button"
              >
                + Add 
                Restrictions
              </button>
            </div>
          </div>
          <div
            className="css-1hxuavr"
          >
            <div
              className="css-1ofqig9"
            >
              <button
                className="css-19fczei"
                onBlur={[Function]}
                onClick={[Function]}
                onFocus={[Function]}
                onMouseEnter={[Function]}
                onMouseLeave={[Function]}
                type="button"
              >
                + Add 
                Equivalent Courses
              </button>
            </div>
          </div>
        </div>
      </div>
    </div>
  </div>
</div>
`;
