// Jest Snapshot v1, https://goo.gl/fbAQLP

exports[`<Courses /> 1`] = `
<div
  className="css-m5hsxh"
>
  <div
    className="css-mzeyh"
  >
    <div
      className="css-1u9fuhx"
    >
      <a
        href="/"
        onClick={[Function]}
      >
        <svg
          className="css-1y70zug"
          fill="currentColor"
          height="1em"
          stroke="currentColor"
          strokeWidth="0"
          style={
            Object {
              "color": undefined,
            }
          }
          type="button"
          viewBox="0 0 1024 1024"
          width="1em"
          xmlns="http://www.w3.org/2000/svg"
        >
          <path
            d="M946.5 505L534.6 93.4a31.93 31.93 0 0 0-45.2 0L77.5 505c-12 12-18.8 28.3-18.8 45.3 0 35.3 28.7 64 64 64h43.4V908c0 17.7 14.3 32 32 32H448V716h112v224h265.9c17.7 0 32-14.3 32-32V614.3h43.4c17 0 33.3-6.7 45.3-18.8 24.9-25 24.9-65.5-.1-90.5z"
          />
        </svg>
      </a>
    </div>
    <div
      className="css-1qd02q1"
    >
      <p
        className="css-18zyayk"
      >
        Courses
      </p>
    </div>
    <div
      className="css-1evpibw"
    >
      <div
        className="css-1m2ggra"
      >
        <input
          className="css-1si41sc"
          onChange={[Function]}
          placeholder="Search Courses"
          value=""
        />
      </div>
      <div
        className="css-jeup5m"
      >
        <button
          className="css-vvaeh6"
          onClick={[Function]}
          type="button"
        >
          <p
            className="css-17tlezs"
          >
            + Add Course
          </p>
        </button>
      </div>
    </div>
    <div
      className="css-nc95w2"
    >
      <p>
         No Courses Found
      </p>
    </div>
  </div>
  <hr
    aria-orientation="vertical"
    className="css-lcuxz7"
  />
  <div
    className="css-mzeyh"
  >
    <div
      className="css-c110bi"
    >
      <div
        className="css-j1es92"
      >
        <div
          className="css-k008qs"
        >
          <button
            aria-controls="menu-1"
            aria-expanded={false}
            aria-haspopup="menu"
            className="css-992tcj"
            id="menubutton-2"
            onClick={[Function]}
            onKeyDown={[Function]}
            role="button"
          >
            <svg
              className="css-zgxhu3"
              fill="currentColor"
              height="1em"
              stroke="currentColor"
              strokeWidth="0"
              style={
                Object {
                  "color": undefined,
                }
              }
              type="button"
              viewBox="0 0 24 24"
              width="1em"
              xmlns="http://www.w3.org/2000/svg"
            >
              <path
                d="M12 10c-1.1 0-2 .9-2 2s.9 2 2 2 2-.9 2-2S13.1 10 12 10zM18 10c-1.1 0-2 .9-2 2s.9 2 2 2 2-.9 2-2S19.1 10 18 10zM6 10c-1.1 0-2 .9-2 2s.9 2 2 2 2-.9 2-2S7.1 10 6 10z"
              />
            </svg>
          </button>
        </div>
      </div>
      <div
        className="css-1acuto9"
      >
        <div
          className="css-gltekd"
        >
          <div
            className="css-0"
          >
            <p
              className="css-fzcsno"
            >
               
              Course Code
              : 
            </p>
          </div>
          <div
            className="css-0"
          >
            <span
              className="css-e4q50o"
              onFocus={[Function]}
              tabIndex={0}
            >
              Add a Course Code
            </span>
          </div>
          <div
            className="css-0"
          />
        </div>
      </div>
      <div
        className="css-1acuto9"
      >
        <div
          className="css-gltekd"
        >
          <div
            className="css-0"
          >
            <p
              className="css-fzcsno"
            >
               
              Course Name
              : 
            </p>
          </div>
          <div
            className="css-0"
          >
            <span
              className="css-e4q50o"
              onFocus={[Function]}
              tabIndex={0}
            >
              Add a Course Name
            </span>
          </div>
          <div
            className="css-0"
          />
        </div>
      </div>
      <div
        className="css-1acuto9"
      >
        <div
          className="css-gltekd"
        >
          <div
            className="css-0"
          >
            <p
              className="css-fzcsno"
            >
               
              Description
              : 
            </p>
          </div>
          <div
            className="css-0"
          >
            <span
              className="css-e4q50o"
              onFocus={[Function]}
              tabIndex={0}
            >
              Add a Description
            </span>
          </div>
          <div
            className="css-0"
          />
        </div>
      </div>
      <div
        className="css-1acuto9"
      >
        <div
          className="css-hk1yzb"
        >
          <div
            className="css-0"
          >
            <p
              className="css-fzcsno"
            >
               
              Points
              : 
            </p>
          </div>
          <div
            className="css-1mas0qx"
          >
            <select
              className="css-16ut77p"
              onChange={[Function]}
            >
              <option
                value={15}
              >
                15
                 points
              </option>
              <option
                value={20}
              >
                20
                 points
              </option>
              <option
                value={30}
              >
                30
                 points
              </option>
            </select>
            <div
              className="css-1lepn2w"
            >
              <svg
                aria-hidden="true"
                className="css-12c4avn"
                focusable="false"
                role="presentation"
                viewBox="0 0 24 24"
              >
                <path
                  d="M16.59 8.59L12 13.17 7.41 8.59 6 10l6 6 6-6z"
                  fill="currentColor"
                />
              </svg>
            </div>
          </div>
        </div>
      </div>
      <div
        className="css-1v2mwz"
      >
        <button
          aria-disabled={true}
          className="css-thv05u"
          disabled={true}
          onClick={[Function]}
          type="button"
        >
          Cancel
        </button>
        <button
          aria-disabled={true}
          className="css-6cthfa"
          disabled={true}
          onClick={[Function]}
          type="button"
        >
          Save
        </button>
      </div>
    </div>
  </div>
</div>
`;
