// Jest Snapshot v1, https://goo.gl/fbAQLP

exports[`<Courses /> 1`] = `
<div
  className="css-c70k8d"
>
  <div
    className="css-il7sii"
  >
    <div
      className="css-1u9fuhx"
    >
      <button
        aria-controls="menu-1"
        aria-expanded={false}
        aria-haspopup="menu"
        className="css-1qn6x93"
        id="menubutton-2"
        onClick={[Function]}
        onKeyDown={[Function]}
        role="button"
        type="button"
      >
        <svg
          aria-hidden={true}
          className="css-thzv76"
          fill="currentColor"
          focusable="false"
          height="1em"
          stroke="currentColor"
          strokeWidth="0"
          style={
            Object {
              "color": undefined,
            }
          }
          viewBox="0 0 512 512"
          width="1em"
          xmlns="http://www.w3.org/2000/svg"
        >
          <path
            d="M32 96v64h448V96H32zm0 128v64h448v-64H32zm0 128v64h448v-64H32z"
          />
        </svg>
      </button>
    </div>
    <div
      className="css-gmuwbf"
    >
      <h2
        className="css-1n3wmrq"
      >
        Courses
      </h2>
    </div>
    <div
      className="css-1kh8xrj"
    >
      <button
        className="css-y6x91b"
        onClick={[Function]}
        type="button"
      >
        + Create
      </button>
      <button
        className="css-whzvt6"
        onClick={[Function]}
        type="button"
      >
        + Populate From Uni API
      </button>
    </div>
    <div
      className="css-9jn3o8"
    >
      <div
        className="css-1brfyz3"
      >
        <div
          className="css-1lads1q"
        >
          <div
            className="css-aetr73"
          >
            <div
              className="css-k6882c"
            >
              <svg
                className="css-1xb1rov"
                focusable={false}
                role="presentation"
                viewBox="0 0 24 24"
              >
                <path
                  d="M23.384,21.619,16.855,15.09a9.284,9.284,0,1,0-1.768,1.768l6.529,6.529a1.266,1.266,0,0,0,1.768,0A1.251,1.251,0,0,0,23.384,21.619ZM2.75,9.5a6.75,6.75,0,1,1,6.75,6.75A6.758,6.758,0,0,1,2.75,9.5Z"
                  fill="currentColor"
                />
              </svg>
            </div>
            <input
              className="css-n5gi9c"
              onChange={[Function]}
              placeholder="Search by Course Code, Name, Semester or Points"
              type="search"
              value=""
            />
          </div>
        </div>
      </div>
    </div>
    <div
      className="css-nc95w2"
    >
      <div
        className="table css-1bdzjts"
      >
        <table
          className="css-8atqhb"
          role="table"
        >
          <thead
            className="css-0"
          >
            <tr
              className="css-1f81fq5"
              role="row"
            >
              <th
                className="css-11dd6zr"
                colSpan={1}
                role="columnheader"
              >
                <p
                  className="css-7woomv"
                >
                  Course Code
                </p>
              </th>
              <th
                className="css-11dd6zr"
                colSpan={1}
                role="columnheader"
              >
                <p
                  className="css-7woomv"
                >
                  Course Name
                </p>
              </th>
              <th
                className="css-11dd6zr"
                colSpan={1}
                role="columnheader"
              >
                <p
                  className="css-7woomv"
                >
                  Semester
                </p>
              </th>
              <th
                className="css-11dd6zr"
                colSpan={1}
                role="columnheader"
              >
                <p
                  className="css-7woomv"
                >
                  Points
                </p>
              </th>
            </tr>
          </thead>
          <tbody
            className="css-0"
            role="rowgroup"
          >
            <div />
          </tbody>
        </table>
        <div
          className="css-ol8uv0"
        >
          <p
            className="css-1mg9g8m"
          >
            No data found
          </p>
        </div>
      </div>
    </div>
  </div>
  <div
    className="css-mzeyh"
  >
    <div
      className="css-lt6aye"
    >
      <i
        className="css-1fwnx19"
      >
        Create or select a Course to view its information here.
      </i>
    </div>
  </div>
</div>
`;
