// Jest Snapshot v1, https://goo.gl/fbAQLP

exports[`<Home /> 1`] = `
<div
  className="css-qxc4md"
>
  <div
    className="css-1vz1faf"
  >
    <div
      className="css-1u9fuhx"
    >
      <button
        aria-controls="menu-1"
        aria-expanded={false}
        aria-haspopup="menu"
        className="css-1qn6x93"
        id="menubutton-2"
        onClick={[Function]}
        onKeyDown={[Function]}
        role="button"
        type="button"
      >
        <svg
          aria-hidden={true}
          className="css-thzv76"
          fill="currentColor"
          focusable="false"
          height="1em"
          stroke="currentColor"
          strokeWidth="0"
          style={
            Object {
              "color": undefined,
            }
          }
          viewBox="0 0 512 512"
          width="1em"
          xmlns="http://www.w3.org/2000/svg"
        >
          <path
            d="M32 96v64h448V96H32zm0 128v64h448v-64H32zm0 128v64h448v-64H32z"
          />
        </svg>
      </button>
    </div>
    <div
      className="css-1e6ma0l"
    >
      <img
        alt="Homepage Image of Course Planner's screeshots"
        className="css-1phd9a0"
        height="600px"
        width="1200px"
      />
    </div>
  </div>
  <div
    className="css-1gole1x"
  >
    <div
      className="css-trwzgo"
    >
      <div
        className="css-1pt4eqb"
      >
        <b
          className="css-e20acs"
        >
          Course Planner
        </b>
        <p
          className="css-au9xxt"
        >
          Course plans made easy.
        </p>
      </div>
      <div
        className="css-1uj7abw"
      >
        <div
          className="css-10uqoqr"
        >
          <a
            href="/students"
            onClick={[Function]}
          >
            <button
              className="css-rshclt"
              type="button"
            >
              <div
                className="css-gmuwbf"
              >
                <p
                  className="css-fdblai"
                >
                  Students
                </p>
              </div>
            </button>
          </a>
          <a
            href="/courses"
            onClick={[Function]}
          >
            <button
              className="css-rshclt"
              type="button"
            >
              <div
                className="css-gmuwbf"
              >
                <p
                  className="css-fdblai"
                >
                  Courses
                </p>
              </div>
            </button>
          </a>
          <a
            href="/programmes"
            onClick={[Function]}
          >
            <button
              className="css-rshclt"
              type="button"
            >
              <div
                className="css-gmuwbf"
              >
                <p
                  className="css-fdblai"
                >
                  Programmes
                </p>
              </div>
            </button>
          </a>
        </div>
      </div>
      <div
        className="css-15blmw4"
      >
        <img
          alt="UoA Logo"
          className="css-12121j2"
        />
      </div>
    </div>
  </div>
</div>
`;
