// Jest Snapshot v1, https://goo.gl/fbAQLP

exports[`<Home /> 1`] = `
<div
  className="css-qxc4md"
>
  <div
    className="css-1ccyl9"
  >
    <div
      className="css-1e6ma0l"
    >
      <img
        alt="Homepage image of Calendar/Tile Placer from Canva"
        className="css-1phd9a0"
        height="600px"
        width="1200px"
      />
    </div>
    <img
      alt="Team Momentum Logo"
      className="css-1x2895q"
    />
  </div>
  <div
    className="css-1gole1x"
  >
    <div
      className="css-trwzgo"
    >
      <div
        className="css-1pt4eqb"
      >
        <b
          className="css-e20acs"
        >
          Course Planner
        </b>
        <p
          className="css-au9xxt"
        >
          Course plans made easy.
        </p>
      </div>
      <div
        className="css-1uj7abw"
      >
        <div
          className="css-10uqoqr"
        >
          <a
            href="/students"
            onClick={[Function]}
          >
            <button
              className="css-rshclt"
              type="button"
            >
              <div
                className="css-gmuwbf"
              >
                <p
                  className="css-fdblai"
                >
                  Students
                </p>
              </div>
            </button>
          </a>
          <a
            href="/courses"
            onClick={[Function]}
          >
            <button
              className="css-rshclt"
              type="button"
            >
              <div
                className="css-gmuwbf"
              >
                <p
                  className="css-fdblai"
                >
                  Courses
                </p>
              </div>
            </button>
          </a>
          <a
            href="/programmes"
            onClick={[Function]}
          >
            <button
              className="css-rshclt"
              type="button"
            >
              <div
                className="css-gmuwbf"
              >
                <p
                  className="css-fdblai"
                >
                  Programmes
                </p>
              </div>
            </button>
          </a>
        </div>
      </div>
      <div
        className="css-15blmw4"
      >
        <img
          alt="University of Auckland Logo"
          className="css-wexduy"
        />
      </div>
    </div>
  </div>
</div>
`;
