// Jest Snapshot v1, https://goo.gl/fbAQLP

exports[`<Home /> 1`] = `
<div
  className="css-qxc4md"
>
  <div
    className="css-uxy78k"
  >
    <div
      className="css-1u9fuhx"
    >
      <button
        aria-controls="menu-1"
        aria-expanded={false}
        aria-haspopup="menu"
        className="css-wk9st5"
        id="menubutton-2"
        onClick={[Function]}
        onKeyDown={[Function]}
        role="button"
        type="button"
      >
        <svg
          aria-hidden={true}
          className="css-thzv76"
          fill="currentColor"
          focusable="false"
          height="1em"
          stroke="currentColor"
          strokeWidth="0"
          style={
            Object {
              "color": undefined,
            }
          }
          viewBox="0 0 512 512"
          width="1em"
          xmlns="http://www.w3.org/2000/svg"
        >
          <path
            d="M32 96v64h448V96H32zm0 128v64h448v-64H32zm0 128v64h448v-64H32z"
          />
        </svg>
      </button>
    </div>
    <div
      className="css-1lads1q"
    >
      <img
        alt="Homepage Image of Course Planner's screeshots"
        className="css-1phd9a0"
        height="400px"
        width="1000px"
      />
    </div>
  </div>
  <div
    className="css-gqkmby"
  >
    <div
      className="css-trwzgo"
    >
      <div
        className="css-gmuwbf"
      >
        <img
          className="css-0"
        />
      </div>
      <div
        className="css-1orkoap"
      >
        <p
          className="css-18zyayk"
        >
          Course Planner
        </p>
      </div>
      <div
        className="css-u6v8er"
      >
        <a
          href="/students"
          onClick={[Function]}
        >
          <button
            className="css-sw1q1f"
            type="button"
          >
            <p
              className="css-181lpyk"
            >
              Students
            </p>
          </button>
        </a>
        <a
          href="/courses"
          onClick={[Function]}
        >
          <button
            className="css-sw1q1f"
            type="button"
          >
            <p
              className="css-181lpyk"
            >
              Courses
            </p>
          </button>
        </a>
        <a
          href="/programmes"
          onClick={[Function]}
        >
          <button
            className="css-sw1q1f"
            type="button"
          >
            <p
              className="css-181lpyk"
            >
              Programmes
            </p>
          </button>
        </a>
      </div>
    </div>
  </div>
</div>
`;
